error[E0277]: `()` doesn't implement `std::fmt::Display`
 --> tests/ui/deserialize_try_from_error_not_display.rs
  |
  | #[nix(try_from = "u64")]
  |                  ^^^^^ `()` cannot be formatted with the default formatter
  |
  = help: the trait `std::fmt::Display` is not implemented for `()`
  = note: in format strings you may be able to use `{:?}` (or {:#?} for pretty-print) instead
note: required by a bound in `invalid_data`
 --> $WORKSPACE/nixrs/src/daemon/de/mod.rs
  |
  |     fn invalid_data<T: fmt::Display>(msg: T) -> Self {
  |                        ^^^^^^^^^^^^ required by this bound in `Error::invalid_data`
