error: expected attribute arguments in parentheses: #[nix(...)]
 --> tests/ui/parse_bad_nix.rs
  |
  |     #[nix]
  |       ^^^
