error[E0277]: the trait bound `Test: From<u64>` is not satisfied
 --> tests/ui/deserialize_from_missing.rs
  |
  | #[nix(from = "u64")]
  |              ^^^^^ the trait `From<u64>` is not implemented for `Test`
