error: expected identifier
 --> tests/ui/parse_bad_default_path.rs
  |
  |     #[nix(default = "12")]
  |                     ^^^^
