error: expected `=`
 --> tests/ui/parse_mising_version.rs
  |
  |     #[nix(version)]
  |                  ^
